[I 2025-09-14 06:55:07.983 ServerApp] jupyter_lsp | extension was successfully linked.
[I 2025-09-14 06:55:07.987 ServerApp] jupyter_server_terminals | extension was successfully linked.
[I 2025-09-14 06:55:07.992 ServerApp] jupyterlab | extension was successfully linked.
[I 2025-09-14 06:55:07.996 ServerApp] notebook | extension was successfully linked.
[I 2025-09-14 06:55:08.913 ServerApp] notebook_shim | extension was successfully linked.
[I 2025-09-14 06:55:08.951 ServerApp] notebook_shim | extension was successfully loaded.
[I 2025-09-14 06:55:08.953 ServerApp] jupyter_lsp | extension was successfully loaded.
[I 2025-09-14 06:55:08.954 ServerApp] jupyter_server_terminals | extension was successfully loaded.
[I 2025-09-14 06:55:08.956 LabApp] JupyterLab extension loaded from /home/mle-user/mle-projects/mle-mlflow/.venv_notebook/lib/python3.10/site-packages/jupyterlab
[I 2025-09-14 06:55:08.956 LabApp] JupyterLab application directory is /home/mle-user/mle-projects/mle-mlflow/.venv_notebook/share/jupyter/lab
[I 2025-09-14 06:55:08.956 LabApp] Extension Manager is 'pypi'.
[I 2025-09-14 06:55:09.160 ServerApp] jupyterlab | extension was successfully loaded.
[I 2025-09-14 06:55:09.164 ServerApp] notebook | extension was successfully loaded.
[I 2025-09-14 06:55:09.165 ServerApp] Serving notebooks from local directory: /home/mle-user/mle-projects/mle-mlflow
[I 2025-09-14 06:55:09.165 ServerApp] Jupyter Server 2.17.0 is running at:
[I 2025-09-14 06:55:09.165 ServerApp] http://localhost:8888/tree?token=859d7e3c0f3182ef4681701e126858b73e793fa08152e72b
[I 2025-09-14 06:55:09.165 ServerApp]     http://127.0.0.1:8888/tree?token=859d7e3c0f3182ef4681701e126858b73e793fa08152e72b
[I 2025-09-14 06:55:09.165 ServerApp] Use Control-C to stop this server and shut down all kernels (twice to skip confirmation).
[C 2025-09-14 06:55:09.187 ServerApp] 
    
    To access the server, open this file in a browser:
        file:///home/mle-user/.local/share/jupyter/runtime/jpserver-4125-open.html
    Or copy and paste one of these URLs:
        http://localhost:8888/tree?token=859d7e3c0f3182ef4681701e126858b73e793fa08152e72b
        http://127.0.0.1:8888/tree?token=859d7e3c0f3182ef4681701e126858b73e793fa08152e72b
[I 2025-09-14 06:55:09.204 ServerApp] Skipped non-installed server(s): basedpyright, bash-language-server, dockerfile-language-server-nodejs, javascript-typescript-langserver, jedi-language-server, julia-language-server, pyrefly, pyright, python-language-server, python-lsp-server, r-languageserver, sql-language-server, texlab, typescript-language-server, unified-language-server, vscode-css-languageserver-bin, vscode-html-languageserver-bin, vscode-json-languageserver-bin, yaml-language-server
[I 2025-09-14 06:55:24.138 ServerApp] Interrupted...
[I 2025-09-14 06:55:47.092 ServerApp] jupyter_lsp | extension was successfully linked.
[I 2025-09-14 06:55:47.099 ServerApp] jupyter_server_terminals | extension was successfully linked.
[I 2025-09-14 06:55:47.105 ServerApp] jupyterlab | extension was successfully linked.
[I 2025-09-14 06:55:47.110 ServerApp] notebook | extension was successfully linked.
[I 2025-09-14 06:55:47.356 ServerApp] notebook_shim | extension was successfully linked.
[I 2025-09-14 06:55:47.372 ServerApp] notebook_shim | extension was successfully loaded.
[I 2025-09-14 06:55:47.374 ServerApp] jupyter_lsp | extension was successfully loaded.
[I 2025-09-14 06:55:47.375 ServerApp] jupyter_server_terminals | extension was successfully loaded.
[I 2025-09-14 06:55:47.378 LabApp] JupyterLab extension loaded from /home/mle-user/mle-projects/mle-mlflow/.venv_notebook/lib/python3.10/site-packages/jupyterlab
[I 2025-09-14 06:55:47.378 LabApp] JupyterLab application directory is /home/mle-user/mle-projects/mle-mlflow/.venv_notebook/share/jupyter/lab
[I 2025-09-14 06:55:47.378 LabApp] Extension Manager is 'pypi'.
[I 2025-09-14 06:55:47.455 ServerApp] jupyterlab | extension was successfully loaded.
[I 2025-09-14 06:55:47.459 ServerApp] notebook | extension was successfully loaded.
[I 2025-09-14 06:55:47.460 ServerApp] Serving notebooks from local directory: /home/mle-user/mle-projects/mle-mlflow
[I 2025-09-14 06:55:47.460 ServerApp] Jupyter Server 2.17.0 is running at:
[I 2025-09-14 06:55:47.460 ServerApp] http://localhost:8888/tree?token=9c70313f209f12a70830f2535ff36a670c7fa3b7198ed4f0
[I 2025-09-14 06:55:47.460 ServerApp]     http://127.0.0.1:8888/tree?token=9c70313f209f12a70830f2535ff36a670c7fa3b7198ed4f0
[I 2025-09-14 06:55:47.460 ServerApp] Use Control-C to stop this server and shut down all kernels (twice to skip confirmation).
[C 2025-09-14 06:55:47.463 ServerApp] 
    
    To access the server, open this file in a browser:
        file:///home/mle-user/.local/share/jupyter/runtime/jpserver-4626-open.html
    Or copy and paste one of these URLs:
        http://localhost:8888/tree?token=9c70313f209f12a70830f2535ff36a670c7fa3b7198ed4f0
        http://127.0.0.1:8888/tree?token=9c70313f209f12a70830f2535ff36a670c7fa3b7198ed4f0
[I 2025-09-14 06:55:47.477 ServerApp] Skipped non-installed server(s): basedpyright, bash-language-server, dockerfile-language-server-nodejs, javascript-typescript-langserver, jedi-language-server, julia-language-server, pyrefly, pyright, python-language-server, python-lsp-server, r-languageserver, sql-language-server, texlab, typescript-language-server, unified-language-server, vscode-css-languageserver-bin, vscode-html-languageserver-bin, vscode-json-languageserver-bin, yaml-language-server
[I 2025-09-14 06:55:48.408 ServerApp] Interrupted...
